make[1]: Entering directory '/home/featurize/work/ASC_Final_Selection/build-icon-gcc'
  DEPGEN   c_binding.d
  DEPGEN   support/util_uuid.c.d
  DEPGEN   support/util_multifile_restart.c.d
  DEPGEN   test/unit-tests/test_sync_sums.mpi.f90.d
  DEPGEN   test/unit-tests/test_start_mpi.nompi.f90.d
  DEPGEN   test/unit-tests/test_start_mpi.mpi.f90.d
  DEPGEN   test/unit-tests/test_slice_array.f90.d
  DEPGEN   test/unit-tests/test_kind.f90.d
  DEPGEN   test/unit-tests/test_insert_dimension.f90.d
  DEPGEN   test/unit-tests/test_divide_cell.mpi.f90.d
  DEPGEN   test/unit-tests/test_index_list.f90.d
  DEPGEN   test/unit-tests/test_add_var_fail2.f90.d
  DEPGEN   test/unit-tests/test_divide_cell.f90.d
  DEPGEN   test/unit-tests/test_add_var.f90.d
  DEPGEN   test/unit-tests/test_add_var_fail1.f90.d
  DEPGEN   support/mo_util_uuid_types.f90.d
  DEPGEN   test/unit-tests/common/mo_test_common.f90.d
  DEPGEN   support/mo_util_uuid.f90.d
  DEPGEN   src/waves/testcases/mo_wave_adv_exp.f90.d
  DEPGEN   src/waves/physics/mo_wave_source.f90.d
  DEPGEN   src/waves/physics/mo_wave_physics.f90.d
  DEPGEN   src/waves/physics/mo_init_wave_phy.f90.d
  DEPGEN   src/waves/dynamics/mo_wave_types.f90.d
  DEPGEN   src/waves/dynamics/mo_wave_td_update.f90.d
  DEPGEN   src/waves/dynamics/mo_wave_stepping.f90.d
  DEPGEN   src/waves/dynamics/mo_wave_forcing_types.f90.d
  DEPGEN   src/waves/dynamics/mo_wave_forcing_state.f90.d
  DEPGEN   src/waves/drivers/mo_wave_model.f90.d
  DEPGEN   src/waves/dynamics/mo_wave_state.f90.d
  DEPGEN   src/waves/drivers/mo_wave.f90.d
  DEPGEN   src/waves/diagnostics/mo_wave_stokes.f90.d
  DEPGEN   src/waves/diagnostics/mo_runtime_diag.f90.d
  DEPGEN   src/waves/config/mo_wave_read_namelists.f90.d
  DEPGEN   src/waves/diagnostics/mo_wave_diagnostics.f90.d
  DEPGEN   src/waves/config/mo_wave_nml_crosscheck.f90.d
  DEPGEN   src/waves/dynamics/mo_wave_forcing.f90.d
  DEPGEN   src/waves/config/mo_wave_nml.f90.d
  DEPGEN   src/waves/config/mo_wave_events.f90.d
  DEPGEN   src/waves/config/mo_wave_io_config.f90.d
  DEPGEN   src/waves/config/mo_wave_constants.f90.d
  DEPGEN   src/waves/config/mo_wave_config.f90.d
  DEPGEN   src/waves/config/mo_initwave_nml.f90.d
  DEPGEN   src/waves/config/mo_energy_propagation_nml.f90.d
  DEPGEN   src/waves/config/mo_energy_propagation_config.f90.d
  DEPGEN   src/waves/boundary/mo_wave_ext_data_state.f90.d
  DEPGEN   src/waves/config/mo_initwave_config.f90.d
  DEPGEN   src/waves/boundary/mo_wave_ext_data_types.f90.d
  DEPGEN   src/waves/boundary/mo_wave_ext_data_init.f90.d
  DEPGEN   src/waves/base/mo_waves_vertical_axes.f90.d
  DEPGEN   src/waves/base/mo_wave_timer.f90.d
  DEPGEN   src/waves/base/mo_wave_name_list_output.f90.d
  DEPGEN   src/waves/base/mo_wave_init.f90.d
  DEPGEN   src/waves/advection/mo_wave_refraction.f90.d
  DEPGEN   src/waves/advection/mo_wave_advection_stepping.f90.d
  DEPGEN   src/upper_atmosphere/mo_upatmo_types.f90.d
  DEPGEN   src/upper_atmosphere/mo_upatmo_state.f90.d
  DEPGEN   src/upper_atmosphere/mo_upatmo_phy_vdfmol.f90.d
  DEPGEN   src/upper_atmosphere/mo_upatmo_phy_srbc.f90.d
  DEPGEN   src/upper_atmosphere/mo_upatmo_phy_setup.f90.d
  DEPGEN   src/upper_atmosphere/mo_upatmo_phy_no.f90.d
  DEPGEN   src/upper_atmosphere/mo_upatmo_phy_nlte.f90.d
  DEPGEN   src/upper_atmosphere/mo_upatmo_phy_iondrag.f90.d
  DEPGEN   src/upper_atmosphere/mo_upatmo_phy_fric.f90.d
  DEPGEN   src/upper_atmosphere/mo_upatmo_phy_diag.f90.d
  DEPGEN   src/upper_atmosphere/mo_upatmo_phy_euv.f90.d
  DEPGEN   src/upper_atmosphere/mo_upatmo_phy_chemheat.f90.d
  DEPGEN   src/upper_atmosphere/mo_upatmo_flowevent_utils.f90.d
  DEPGEN   src/upper_atmosphere/mo_upatmo_extdat_utils.f90.d
  DEPGEN   src/upper_atmosphere/mo_upatmo_extdat_state.f90.d
  DEPGEN   src/upper_atmosphere/mo_upatmo_extdat.f90.d
  DEPGEN   src/upper_atmosphere/mo_nwp_upatmo_interface.f90.d
  DEPGEN   src/testcases/mo_nh_wk_exp.f90.d
  DEPGEN   src/testcases/mo_nh_tpe_exp.f90.d
  DEPGEN   src/testcases/mo_nh_torus_exp.f90.d
  DEPGEN   src/testcases/mo_nh_testcases.f90.d
  DEPGEN   src/testcases/mo_nh_testcase_interface.f90.d
  DEPGEN   src/testcases/mo_nh_rce_exp.f90.d
  DEPGEN   src/testcases/mo_nh_mrw_exp.f90.d
  DEPGEN   src/testcases/mo_nh_lim_area_testcases.f90.d
  DEPGEN   src/testcases/mo_nh_pa_test.f90.d
  DEPGEN   src/testcases/mo_nh_hs_test.f90.d
  DEPGEN   src/testcases/mo_nh_df_test.f90.d
  DEPGEN   src/testcases/mo_nh_dcmip_terminator.f90.d
  DEPGEN   src/testcases/mo_nh_dcmip_tc.f90.d
  DEPGEN   src/testcases/mo_nh_jabw_exp.f90.d
  DEPGEN   src/testcases/mo_nh_dcmip_rest_atm.f90.d
  DEPGEN   src/testcases/mo_nh_dcmip_schaer.f90.d
  DEPGEN   src/testcases/mo_nh_dcmip_hadley.f90.d
  DEPGEN   src/testcases/mo_nh_dcmip_gw.f90.d
  DEPGEN   src/testcases/mo_nh_bb13_exp.f90.d
  DEPGEN   src/testcases/mo_nh_ape_exp.f90.d
  DEPGEN   src/testcases/mo_nh_dcmip_bw.f90.d
  DEPGEN   src/testcases/mo_ncar_testcases.f90.d
  DEPGEN   src/testcases/mo_ape_params.f90.d
  DEPGEN   src/testcases/mo_aes_cbl.f90.d
  DEPGEN   src/testcases/mo_aes_bubble.f90.d
  DEPGEN   src/testbed/mo_test_nh_communication.f90.d
  DEPGEN   src/testbed/mo_test_netcdf_read.f90.d
  DEPGEN   src/testbed/mo_test_jitter.f90.d
  DEPGEN   src/testbed/mo_test_communication.f90.d
  DEPGEN   src/testbed/mo_icon_testbed_nml.f90.d
  DEPGEN   src/testbed/mo_icon_testbed_config.f90.d
  DEPGEN   src/testbed/mo_icon_testbed.f90.d
  DEPGEN   src/sppt/mo_sppt_util.f90.d
  DEPGEN   src/sppt/mo_sppt_types.f90.d
  DEPGEN   src/sppt/mo_sppt_state.f90.d
  DEPGEN   src/sppt/mo_sppt_nml.f90.d
  DEPGEN   src/sppt/mo_sppt_core.f90.d
  DEPGEN   src/sppt/mo_sppt_config.f90.d
  DEPGEN   src/shr_horizontal/mo_reorder_patches.f90.d
  DEPGEN   src/shr_horizontal/mo_rbf_errana.f90.d
  DEPGEN   src/shr_horizontal/mo_rbf_coefficients_io.f90.d
  DEPGEN   src/shr_horizontal/mo_process_topo.f90.d
  DEPGEN   src/shr_horizontal/mo_pre_model_domain.f90.d
  DEPGEN   src/shr_horizontal/mo_model_domimp_setup.f90.d
  DEPGEN   src/shr_horizontal/mo_model_domimp_patches.f90.d
  DEPGEN   src/shr_horizontal/mo_model_domain.f90.d
  DEPGEN   src/shr_horizontal/mo_math_legendre.f90.d
  DEPGEN   src/shr_horizontal/mo_math_laplace.f90.d
  DEPGEN   src/shr_horizontal/mo_math_gradients.f90.d
  DEPGEN   src/shr_horizontal/mo_math_divrot.f90.d
  DEPGEN   src/shr_horizontal/mo_lonlat_grid.f90.d
  DEPGEN   src/shr_horizontal/mo_intp_state.f90.d
  DEPGEN   src/shr_horizontal/mo_intp_rbf.f90.d
  DEPGEN   src/shr_horizontal/mo_intp_rbf_coeffs.f90.d
  DEPGEN   src/shr_horizontal/mo_intp_lonlat_types.f90.d
  DEPGEN   src/shr_horizontal/mo_intp_lonlat_baryctr.f90.d
  DEPGEN   src/shr_horizontal/mo_intp_lonlat.f90.d
  DEPGEN   src/shr_horizontal/mo_intp_data_strc.f90.d
  DEPGEN   src/shr_horizontal/mo_intp_coeffs_lsq_bln.f90.d
  DEPGEN   src/shr_horizontal/mo_intp.f90.d
  DEPGEN   src/shr_horizontal/mo_icon_interpolation_vector.f90.d
  DEPGEN   src/shr_horizontal/mo_intp_coeffs.f90.d
  DEPGEN   src/shr_horizontal/mo_icon_interpolation_scalar.f90.d
  DEPGEN   src/shr_horizontal/mo_grid_tools.f90.d
  DEPGEN   src/shr_horizontal/mo_grid_geometry_info.f90.d
  DEPGEN   src/shr_horizontal/mo_grf_nudgintp.f90.d
  DEPGEN   src/shr_horizontal/mo_grf_intp_state.f90.d
  DEPGEN   src/shr_horizontal/mo_grf_ubcintp.f90.d
  DEPGEN   src/shr_horizontal/mo_grf_intp_data_strc.f90.d
  DEPGEN   src/shr_horizontal/mo_grf_intp_coeffs.f90.d
  DEPGEN   src/shr_horizontal/mo_grf_bdyintp.f90.d
  DEPGEN   src/shr_horizontal/mo_ext_data_types.f90.d
  DEPGEN   src/shr_horizontal/mo_ext_data_state.f90.d
  DEPGEN   src/shr_horizontal/mo_ext_data_inquire.f90.d
  DEPGEN   src/shr_horizontal/mo_ext_data_init.f90.d
  DEPGEN   src/shr_horizontal/mo_delaunay_types.f90.d
  DEPGEN   src/shr_horizontal/mo_delaunay.f90.d
  DEPGEN   src/shr_horizontal/mo_alloc_patches.f90.d
  DEPGEN   src/shared/mo_var_metadata_types.f90.d
  DEPGEN   src/shared/mo_zaxis_type.f90.d
  DEPGEN   src/shared/mo_var_metadata.f90.d
  DEPGEN   src/shared/mo_vertical_coord_table.f90.d
  DEPGEN   src/shared/mo_var_list_register_utils.f90.d
  DEPGEN   src/shared/mo_var_list_gpu.f90.d
  DEPGEN   src/shared/mo_var_list_register.f90.d
  DEPGEN   src/shared/mo_var_list.f90.d
  DEPGEN   src/shared/mo_var_groups.f90.d
  DEPGEN   src/shared/mo_var.f90.d
  DEPGEN   src/shared/mo_util_vcs.f90.d
  DEPGEN   src/shared/mo_util_sysinfo.f90.d
  DEPGEN   src/shared/mo_util_mtime.f90.d
  DEPGEN   src/shared/mo_util_jsbach.f90.d
  DEPGEN   src/shared/mo_util_debug.f90.d
  DEPGEN   src/shared/mo_util_dbg_prnt.f90.d
  DEPGEN   src/shared/mo_upatmo_utils.f90.d
  DEPGEN   src/shared/mo_upatmo_impl_const.f90.d
  DEPGEN   src/shared/mo_tracer_metadata.f90.d
  DEPGEN   src/shared/mo_tracer_metadata_types.f90.d
  DEPGEN   src/shared/mo_timer.f90.d
  DEPGEN   src/shared/mo_time_management.f90.d
  DEPGEN   src/shared/mo_statistics.f90.d
  DEPGEN   src/shared/mo_time_base.f90.d
  DEPGEN   src/shared/mo_slice_array.f90.d
  DEPGEN   src/shared/mo_solar_parameters.f90.d
  DEPGEN   src/shared/mo_save_restore.f90.d
  DEPGEN   src/shared/mo_real_timer.f90.d
  DEPGEN   src/shared/mo_random_util.f90.d
  DEPGEN   src/shared/mo_physical_constants.f90.d
  DEPGEN   src/shared/mo_orbit.f90.d
  DEPGEN   src/shared/mo_mtrace.f90.d
  DEPGEN   src/shared/mo_openacc.f90.d
  DEPGEN   src/shared/mo_memory_log.f90.d
  DEPGEN   src/shared/mo_math_utility_solvers.f90.d
  DEPGEN   src/shared/mo_loopindices.f90.d
  DEPGEN   src/shared/mo_local_timer.f90.d
  DEPGEN   src/shared/mo_latitude_interpolation.f90.d
  DEPGEN   src/shared/mo_kind.f90.d
  DEPGEN   src/shared/mo_key_value_store.f90.d
  DEPGEN   src/shared/mo_interpolate_time.f90.d
  DEPGEN   src/shared/mo_index_list.f90.d
  DEPGEN   src/shared/mo_impl_constants_grf.f90.d
  DEPGEN   src/shared/mo_idx_list.f90.d
  DEPGEN   src/shared/mo_grid_subset.f90.d
  DEPGEN   src/shared/mo_gnat_gridsearch.f90.d
  DEPGEN   src/shared/mo_fast_math_lib.f90.d
  DEPGEN   src/shared/mo_impl_constants.f90.d
  DEPGEN   src/shared/mo_dictionary.f90.d
  DEPGEN   src/shared/mo_event_manager.f90.d
  DEPGEN   src/shared/mo_derived_variable_handling.f90.d
  DEPGEN   src/shared/mo_deepatmo.f90.d
  DEPGEN   src/shared/mo_cuda_graphs.f90.d
  DEPGEN   src/shared/mo_checksum.f90.d
  DEPGEN   src/shared/mo_bcs_time_interpolation.f90.d
  DEPGEN   src/shared/mo_action.f90.d
  DEPGEN   src/shared/mo_action_types.f90.d
  DEPGEN   src/shared/mo_acc_device_management.f90.d
  DEPGEN   src/serialization/mo_ser_rbf_coefficients.f90.d
  DEPGEN   src/serialization/mo_ser_manually.f90.d
  DEPGEN   src/serialization/mo_ser_debug.f90.d
  DEPGEN   src/sea_ice/thermo/mo_sea_ice_types.f90.d
  DEPGEN   src/serialization/mo_ser_common.f90.d
  DEPGEN   src/sea_ice/thermo/mo_sea_ice.f90.d
  DEPGEN   src/sea_ice/thermo/mo_ice_zerolayer.f90.d
  DEPGEN   src/serialization/mo_ser_all.f90.d
  DEPGEN   src/sea_ice/thermo/mo_ice_winton.f90.d
  DEPGEN   src/sea_ice/thermo/mo_ice_parameterizations.f90.d
  DEPGEN   src/sea_ice/thermo/mo_ice_slow_thermo.f90.d
  DEPGEN   src/sea_ice/thermo/mo_ice_init_thermo.f90.d
  DEPGEN   src/sea_ice/thermo/mo_ice_fast.f90.d
  DEPGEN   src/sea_ice/thermo/mo_ice_interface.f90.d
  DEPGEN   src/sea_ice/thermo/mo_ice_diagnostics.f90.d
  DEPGEN   src/sea_ice/dynamics_fem/mo_ice_new_dynamics.f90.d
  DEPGEN   src/sea_ice/dynamics_fem/mo_ice_fem_types.f90.d
  DEPGEN   src/sea_ice/dynamics_fem/mo_ice_fem_mesh.f90.d
  DEPGEN   src/sea_ice/dynamics_fem/mo_ice_fem_interface.f90.d
  DEPGEN   src/sea_ice/dynamics_fem/mo_ice_fem_interpolation.f90.d
  DEPGEN   src/sea_ice/dynamics_fem/mo_ice_fem_init.f90.d
  DEPGEN   src/sea_ice/dynamics_fem/mo_ice_fem_icon_init.f90.d
  DEPGEN   src/sea_ice/dynamics_fem/mo_ice_fem_evp.f90.d
  DEPGEN   src/sea_ice/dynamics_fem/mo_ice_fem_advection.f90.d
  DEPGEN   src/parallel_infrastructure/mo_sync.f90.d
  DEPGEN   src/parallel_infrastructure/mo_setup_subdivision.f90.d
  DEPGEN   src/sea_ice/dynamics_fem/mo_ice_advection.f90.d
  DEPGEN   src/parallel_infrastructure/mo_scatter_pattern_scatterv.f90.d
  DEPGEN   src/parallel_infrastructure/mo_scatter_pattern_scatter.f90.d
  DEPGEN   src/parallel_infrastructure/mo_scatter_pattern_base.f90.d
  DEPGEN   src/parallel_infrastructure/mo_reshuffle.f90.d
  DEPGEN   src/parallel_infrastructure/mo_packed_message.f90.d
  DEPGEN   src/parallel_infrastructure/mo_mpi.f90.d
  DEPGEN   src/parallel_infrastructure/mo_icon_comm_lib.f90.d
  DEPGEN   src/parallel_infrastructure/mo_icon_comm_interface.f90.d
  DEPGEN   src/parallel_infrastructure/mo_extents.f90.d
  DEPGEN   src/parallel_infrastructure/mo_divide_cells_by_location_mpi.f90.d
  DEPGEN   src/parallel_infrastructure/mo_dist_dir.f90.d
  DEPGEN   src/parallel_infrastructure/mo_dist_array.f90.d
  DEPGEN   src/parallel_infrastructure/mo_decomposition_tools.f90.d
  DEPGEN   src/parallel_infrastructure/mo_complete_subdivision.f90.d
  DEPGEN   src/parallel_infrastructure/mo_communication_yaxt.f90.d
  DEPGEN   src/parallel_infrastructure/mo_communication_types.f90.d
  DEPGEN   src/parallel_infrastructure/mo_communication_orig.f90.d
  DEPGEN   src/parallel_infrastructure/mo_communication_factory.f90.d
  DEPGEN   src/parallel_infrastructure/mo_communication.f90.d
  DEPGEN   src/parallel_infrastructure/mo_build_decomposition.f90.d
  DEPGEN   src/ocean/tracer_transport/mo_ocean_tracer_zstar.f90.d
  DEPGEN   src/ocean/tracer_transport/mo_ocean_tracer_transport_types.f90.d
  DEPGEN   src/ocean/tracer_transport/mo_ocean_tracer_transport_horz.f90.d
  DEPGEN   src/ocean/tracer_transport/mo_ocean_tracer_transport_vert.f90.d
  DEPGEN   src/ocean/tracer_transport/mo_ocean_tracer_diffusion.f90.d
  DEPGEN   src/ocean/tracer_transport/mo_ocean_tracer.f90.d
  DEPGEN   src/ocean/tracer_transport/mo_ocean_limiter.f90.d
  DEPGEN   src/ocean/testbed/mo_ocean_testbed_zstar.f90.d
  DEPGEN   src/ocean/testbed/mo_ocean_testbed_vertical_diffusion.f90.d
  DEPGEN   src/ocean/testbed/mo_ocean_testbed_solverMatrix.f90.d
  DEPGEN   src/ocean/testbed/mo_ocean_testbed_read.f90.d
  DEPGEN   src/ocean/testbed/mo_ocean_testbed_quads.f90.d
  DEPGEN   src/ocean/testbed/mo_ocean_testbed_performance.f90.d
  DEPGEN   src/ocean/testbed/mo_ocean_testbed_operators.f90.d
  DEPGEN   src/ocean/testbed/mo_ocean_testbed_modules.f90.d
  DEPGEN   src/ocean/testbed/mo_ocean_testbed_div.f90.d
  DEPGEN   src/ocean/testbed/mo_ocean_testbed_coriolis.f90.d
  DEPGEN   src/ocean/testbed/mo_ocean_testbed_PtP.f90.d
  DEPGEN   src/ocean/testbed/mo_ocean_testbed.f90.d
  DEPGEN   src/ocean/testbed/mo_ocean_testbed_EOS.f90.d
  DEPGEN   src/ocean/physics/mo_ocean_tke_base.f90.d
  DEPGEN   src/ocean/physics/mo_ocean_tke.f90.d
  DEPGEN   src/ocean/physics/mo_ocean_pp_scheme.f90.d
  DEPGEN   src/ocean/physics/mo_ocean_thermodyn.f90.d
  DEPGEN   src/ocean/physics/mo_ocean_physics.f90.d
  DEPGEN   src/ocean/physics/mo_ocean_physics_types.f90.d
  DEPGEN   src/ocean/physics/mo_ocean_idemix_base.f90.d
  DEPGEN   src/ocean/physics/mo_ocean_idemix.f90.d
  DEPGEN   src/ocean/physics/mo_ocean_GM_Redi.f90.d
  DEPGEN   src/ocean/math/mo_scalar_product.f90.d
  DEPGEN   src/ocean/math/mo_operator_ocean_coeff_3d.f90.d
  DEPGEN   src/ocean/math/mo_ocean_solve_transfer_trivial.f90.d
  DEPGEN   src/ocean/math/mo_ocean_solve_transfer_subset.f90.d
  DEPGEN   src/ocean/math/mo_ocean_solve_transfer.f90.d
  DEPGEN   src/ocean/math/mo_ocean_solve_lhs_zstar.f90.d
  DEPGEN   src/ocean/math/mo_ocean_solve_minres.f90.d
  DEPGEN   src/ocean/math/mo_ocean_solve_lhs_type.f90.d
  DEPGEN   src/ocean/math/mo_ocean_solve_lhs_surface_height.f90.d
  DEPGEN   src/ocean/math/mo_ocean_solve_lhs_primal_flip_flop.f90.d
  DEPGEN   src/ocean/math/mo_ocean_solve_legacy_gmres.f90.d
  DEPGEN   src/ocean/math/mo_ocean_solve_cgo.f90.d
  DEPGEN   src/ocean/math/mo_ocean_solve_cgj.f90.d
  DEPGEN   src/ocean/math/mo_ocean_solve_lhs.f90.d
  DEPGEN   src/ocean/math/mo_ocean_solve_gmres.f90.d
  DEPGEN   src/ocean/math/mo_ocean_solve_cg.f90.d
  DEPGEN   src/ocean/math/mo_ocean_solve_backend.f90.d
  DEPGEN   src/ocean/math/mo_ocean_solve_bicgStab.f90.d
  DEPGEN   src/ocean/math/mo_ocean_solve_aux.f90.d
  DEPGEN   src/ocean/math/mo_ocean_solve.f90.d
  DEPGEN   src/ocean/math/mo_ocean_math_utils.f90.d
  DEPGEN   src/ocean/math/mo_ocean_math_operators.f90.d
  DEPGEN   src/ocean/dynamics/mo_ocean_velocity_diffusion.f90.d
  DEPGEN   src/ocean/dynamics/mo_ocean_velocity_advection.f90.d
  DEPGEN   src/ocean/dynamics/mo_ocean_types.f90.d
  DEPGEN   src/ocean/dynamics/mo_ocean_tracer_dev.f90.d
  DEPGEN   src/ocean/dynamics/mo_ocean_patch_setup.f90.d
  DEPGEN   src/ocean/dynamics/mo_ocean_state.f90.d
  DEPGEN   src/ocean/dynamics/mo_ocean_initialization.f90.d
  DEPGEN   src/ocean/dynamics/mo_ocean_ab_timestepping_zstar.f90.d
  DEPGEN   src/ocean/dynamics/mo_ocean_ab_timestepping_mimetic.f90.d
  DEPGEN   src/ocean/dynamics/mo_ocean_ab_timestepping.f90.d
  DEPGEN   src/ocean/drivers/mo_ocean_time_events.f90.d
  DEPGEN   src/ocean/drivers/mo_ocean_hamocc_interface.f90.d
  DEPGEN   src/ocean/drivers/mo_hydro_ocean_run.f90.d
  DEPGEN   src/ocean/drivers/mo_ocean_model.f90.d
  DEPGEN   src/ocean/diagnostics/mo_ocean_postprocessing.f90.d
  DEPGEN   src/ocean/diagnostics/mo_ocean_output.f90.d
  DEPGEN   src/ocean/diagnostics/mo_ocean_layers.f90.d
  DEPGEN   src/ocean/diagnostics/mo_ocean_diagnostics_types.f90.d
  DEPGEN   src/ocean/diagnostics/mo_ocean_check_total_content.f90.d
  DEPGEN   src/ocean/diagnostics/mo_ocean_check_tools.f90.d
  DEPGEN   src/ocean/diagnostics/mo_ocean_diagnostics.f90.d
  DEPGEN   src/ocean/diagnostics/mo_ocean_age_tracer.f90.d
  DEPGEN   src/ocean/config/mo_ocean_read_namelists.f90.d
  DEPGEN   src/ocean/config/mo_ocean_nml.f90.d
  DEPGEN   src/ocean/boundary/mo_swr_absorption.f90.d
  DEPGEN   src/ocean/config/mo_ocean_nml_crosscheck.f90.d
  DEPGEN   src/ocean/boundary/mo_ocean_surface_types.f90.d
  DEPGEN   src/ocean/boundary/mo_ocean_surface_refactor.f90.d
  DEPGEN   src/ocean/boundary/mo_ocean_pressure_bc_conditions.f90.d
  DEPGEN   src/ocean/boundary/mo_ocean_nudging_types.f90.d
  DEPGEN   src/ocean/boundary/mo_ocean_tides.f90.d
  DEPGEN   src/ocean/boundary/mo_ocean_nudging.f90.d
  DEPGEN   src/ocean/boundary/mo_ocean_io_with_cdi.f90.d
  DEPGEN   src/ocean/boundary/mo_ocean_initicono.f90.d
  DEPGEN   src/ocean/boundary/mo_ocean_initial_conditions.f90.d
  DEPGEN   src/ocean/boundary/mo_ocean_forcing.f90.d
  DEPGEN   src/ocean/boundary/mo_ocean_ext_data.f90.d
  DEPGEN   src/ocean/boundary/mo_ocean_bulk_forcing.f90.d
  DEPGEN   src/ocean/boundary/mo_ocean_boundcond.f90.d
  DEPGEN   src/namelists/mo_upatmo_nml.f90.d
  DEPGEN   src/namelists/mo_turbdiff_nml.f90.d
  DEPGEN   src/namelists/mo_turb_vdiff_nml.f90.d
  DEPGEN   src/namelists/mo_time_nml.f90.d
  DEPGEN   src/namelists/mo_synsat_nml.f90.d
  DEPGEN   src/namelists/mo_sleve_nml.f90.d
  DEPGEN   src/namelists/mo_ser_nml.f90.d
  DEPGEN   src/namelists/mo_sea_ice_nml.f90.d
  DEPGEN   src/namelists/mo_synradar_nml.f90.d
  DEPGEN   src/namelists/mo_scm_nml.f90.d
  DEPGEN   src/namelists/mo_run_nml.f90.d
  DEPGEN   src/namelists/mo_read_namelists.f90.d
  DEPGEN   src/namelists/mo_process_nml.f90.d
  DEPGEN   src/namelists/mo_radiation_nml.f90.d
  DEPGEN   src/namelists/mo_parallel_nml.f90.d
  DEPGEN   src/namelists/mo_nwp_tuning_nml.f90.d
  DEPGEN   src/namelists/mo_oem_nml.f90.d
  DEPGEN   src/namelists/mo_nwp_phy_nml.f90.d
  DEPGEN   src/namelists/mo_nudging_nml.f90.d
  DEPGEN   src/namelists/mo_nonhydrostatic_nml.f90.d
  DEPGEN   src/namelists/mo_nh_testcases_nml.f90.d
  DEPGEN   src/namelists/mo_mtgrm_nml.f90.d
  DEPGEN   src/namelists/mo_master_nml.f90.d
  DEPGEN   src/namelists/mo_ls_forcing_nml.f90.d
  DEPGEN   src/namelists/mo_lnd_nwp_nml.f90.d
  DEPGEN   src/namelists/mo_limarea_nml.f90.d
  DEPGEN   src/namelists/mo_les_nml.f90.d
  DEPGEN   src/namelists/mo_initicon_nml.f90.d
  DEPGEN   src/namelists/mo_interpol_nml.f90.d
  DEPGEN   src/namelists/mo_io_nml.f90.d
  DEPGEN   src/namelists/mo_gridref_nml.f90.d
  DEPGEN   src/namelists/mo_grid_nml.f90.d
  DEPGEN   src/namelists/mo_gribout_nml.f90.d
  DEPGEN   src/namelists/mo_extpar_nml.f90.d
  DEPGEN   src/namelists/mo_ensemble_pert_nml.f90.d
  DEPGEN   src/namelists/mo_dynamics_nml.f90.d
  DEPGEN   src/namelists/mo_diffusion_nml.f90.d
  DEPGEN   src/namelists/mo_dbg_nml.f90.d
  DEPGEN   src/namelists/mo_coupling_nml.f90.d
  DEPGEN   src/namelists/mo_comin_nml.f90.d
  DEPGEN   src/namelists/mo_ccycle_nml.f90.d
  DEPGEN   src/namelists/mo_assimilation_nml.f90.d
  DEPGEN   src/namelists/mo_art_nml.f90.d
  DEPGEN   src/namelists/mo_aes_wmo_nml.f90.d
  DEPGEN   src/namelists/mo_aes_vdf_nml.f90.d
  DEPGEN   src/namelists/mo_aes_rad_nml.f90.d
  DEPGEN   src/namelists/mo_aes_phy_nml.f90.d
  DEPGEN   src/namelists/mo_aes_cov_nml.f90.d
  DEPGEN   src/namelists/mo_aes_cop_nml.f90.d
  DEPGEN   src/namelists/mo_aes_bubble_nml.f90.d
  DEPGEN   src/namelists/mo_advection_nml.f90.d
  DEPGEN   src/namelists/mo_2mom_mcrph_nml.f90.d
  DEPGEN   src/lnd_phy_schemes/sfc_terra_util.f90.d
  DEPGEN   src/lnd_phy_schemes/sfc_terra_transport.f90.d
  DEPGEN   src/lnd_phy_schemes/sfc_terra_snow.f90.d
  DEPGEN   src/lnd_phy_schemes/sfc_terra_main.f90.d
  DEPGEN   src/lnd_phy_schemes/sfc_terra_init.f90.d
  DEPGEN   src/lnd_phy_schemes/sfc_terra_evap.f90.d
  DEPGEN   src/lnd_phy_schemes/sfc_terra_data.f90.d
  DEPGEN   src/lnd_phy_schemes/sfc_seaice.f90.d
  DEPGEN   src/lnd_phy_schemes/sfc_flake_data.f90.d
  DEPGEN   src/lnd_phy_schemes/sfc_flake.f90.d
  DEPGEN   src/lnd_phy_schemes/mo_voskin.f90.d
  DEPGEN   src/lnd_phy_nwp/mo_td_ext_data.f90.d
  DEPGEN   src/lnd_phy_nwp/mo_nwp_sfc_tiles.f90.d
  DEPGEN   src/lnd_phy_nwp/mo_nwp_sfc_utils.f90.d
  DEPGEN   src/lnd_phy_nwp/mo_nwp_sfc_interface.f90.d
  DEPGEN   src/lnd_phy_nwp/mo_nwp_oskin_interface.f90.d
  DEPGEN   src/lnd_phy_nwp/mo_nwp_sfc_interp.f90.d
  DEPGEN   src/lnd_phy_nwp/mo_nwp_lnd_types.f90.d
  DEPGEN   src/lnd_phy_nwp/mo_nwp_lnd_state.f90.d
  DEPGEN   src/io/shared/mo_write_netcdf.f90.d
  DEPGEN   src/io/shared/mo_util_cdi.f90.d
  DEPGEN   src/io/shared/mo_util_bool_table.f90.d
  DEPGEN   src/io/shared/mo_util_vgrid_types.f90.d
  DEPGEN   src/io/shared/mo_reorder_info.f90.d
  DEPGEN   src/io/shared/mo_reader_util.f90.d
  DEPGEN   src/io/shared/mo_reader_sst_sic.f90.d
  DEPGEN   src/io/shared/mo_reader_cams.f90.d
  DEPGEN   src/io/shared/mo_reader_abstract.f90.d
  DEPGEN   src/io/shared/mo_read_netcdf_types.f90.d
  DEPGEN   src/io/shared/mo_read_netcdf_distributed.f90.d
  DEPGEN   src/io/shared/mo_read_netcdf_broadcast_2.f90.d
  DEPGEN   src/io/shared/mo_post_op.f90.d
  DEPGEN   src/io/shared/mo_read_interface.f90.d
  DEPGEN   src/io/shared/mo_output_event_handler.f90.d
  DEPGEN   src/io/shared/mo_output_event_types.f90.d
  DEPGEN   src/io/shared/mo_output_event_control.f90.d
  DEPGEN   src/io/shared/mo_nml_annotate.f90.d
  DEPGEN   src/io/shared/mo_netcdf_parallel.f90.d
  DEPGEN   src/io/shared/mo_netcdf_errhandler.f90.d
  DEPGEN   src/io/shared/mo_netcdf.f90.d
  DEPGEN   src/io/shared/mo_name_list_output_zaxes_types.f90.d
  DEPGEN   src/io/shared/mo_name_list_output_zaxes.f90.d
  DEPGEN   src/io/shared/mo_name_list_output_types.f90.d
  DEPGEN   src/io/shared/mo_name_list_output_stats.f90.d
  DEPGEN   src/io/shared/mo_name_list_output_printvars.f90.d
  DEPGEN   src/io/shared/mo_name_list_output_metadata.f90.d
  DEPGEN   src/io/shared/mo_name_list_output_init.f90.d
  DEPGEN   src/io/shared/mo_name_list_output.f90.d
  DEPGEN   src/io/shared/mo_name_list_output_gridinfo.f90.d
  DEPGEN   src/io/shared/mo_level_selection_types.f90.d
  DEPGEN   src/io/shared/mo_level_selection.f90.d
  DEPGEN   src/io/shared/mo_input_container.f90.d
  DEPGEN   src/io/shared/mo_grib2_util.f90.d
  DEPGEN   src/io/shared/mo_grib2_tile.f90.d
  DEPGEN   src/io/shared/mo_grib2.f90.d
  DEPGEN   src/io/shared/mo_io_util.f90.d
  DEPGEN   src/io/shared/mo_eccodes.f90.d
  DEPGEN   src/io/shared/mo_grib1.f90.d
  DEPGEN   src/io/shared/mo_comin_adapter.f90.d
  DEPGEN   src/io/shared/mo_cf_convention.f90.d
  DEPGEN   src/io/shared/mo_cdi_pio_interface.f90.d
  DEPGEN   src/io/shared/mo_cdi_constants.f90.d
  DEPGEN   src/io/restart/mo_sync_restart_patch_data.f90.d
  DEPGEN   src/io/restart/mo_restart_var_data.f90.d
  DEPGEN   src/io/restart/mo_restart_util.f90.d
  DEPGEN   src/io/restart/mo_sync_restart.f90.d
  DEPGEN   src/io/restart/mo_restart_patch_description.f90.d
  DEPGEN   src/io/restart/mo_restart_patch_data.f90.d
  DEPGEN   src/io/restart/mo_restart_nmls_and_atts.f90.d
  DEPGEN   src/io/restart/mo_restart_descriptor.f90.d
  DEPGEN   src/io/restart/mo_restart.f90.d
  DEPGEN   src/io/restart/mo_multifile_restart_util.f90.d
  DEPGEN   src/io/restart/mo_multifile_restart_patch_data.f90.d
  DEPGEN   src/io/restart/mo_multifile_restart_collector.f90.d
  DEPGEN   src/io/restart/mo_load_singlefile_restart.f90.d
  DEPGEN   src/io/restart/mo_multifile_restart.f90.d
  DEPGEN   src/io/restart/mo_load_restart.f90.d
  DEPGEN   src/io/restart/mo_load_multifile_restart.f90.d
  DEPGEN   src/io/restart/mo_c_restart_util.f90.d
  DEPGEN   src/io/restart/mo_async_restart_comm_data.f90.d
  DEPGEN   src/io/restart/mo_async_restart.f90.d
  DEPGEN   src/io/icon_output_model/mo_read_icon_output_namelists.f90.d
  DEPGEN   src/io/icon_output_model/mo_icon_output_variables.f90.d
  DEPGEN   src/io/restart/mo_async_restart_patch_data.f90.d
  DEPGEN   src/io/icon_output_model/mo_icon_output_tools.f90.d
  DEPGEN   src/io/icon_output_model/mo_icon_output_time_events.f90.d
  DEPGEN   src/io/icon_output_model/mo_icon_output_model.f90.d
  DEPGEN   src/io/icon_output_model/mo_icon_output_coupling.f90.d
  DEPGEN   src/io/atmo/mo_util_vgrid.f90.d
  DEPGEN   src/io/atmo/mo_mtgrm_output.f90.d
  DEPGEN   src/io/atmo/mo_latbc_read_recv.f90.d
  DEPGEN   src/io/atmo/mo_input_request_list.f90.d
  DEPGEN   src/io/atmo/mo_async_latbc_utils.f90.d
  DEPGEN   src/io/atmo/mo_async_latbc.f90.d
  DEPGEN   src/io/atmo/mo_async_latbc_types.f90.d
  DEPGEN   src/hamocc/icon_specific/mo_ocean_hamocc_couple_state.f90.d
  DEPGEN   src/hamocc/icon_specific/mo_ocean_hamocc_communication.f90.d
  DEPGEN   src/hamocc/icon_specific/mo_hamocc_types.f90.d
  DEPGEN   src/hamocc/icon_specific/mo_hamocc_output.f90.d
  DEPGEN   src/hamocc/icon_specific/mo_hamocc_ocean_physics.f90.d
  DEPGEN   src/hamocc/icon_specific/mo_hamocc_nml.f90.d
  DEPGEN   src/hamocc/icon_specific/mo_hamocc_model.f90.d
  DEPGEN   src/hamocc/icon_specific/mo_hamocc_diagnostics.f90.d
  DEPGEN   src/hamocc/icon_specific/mo_construct_icon_hamocc.f90.d
  DEPGEN   src/hamocc/icon_specific/mo_bgc_icon_comm.f90.d
  DEPGEN   src/hamocc/icon_specific/mo_bgc_icon.f90.d
  DEPGEN   src/hamocc/icon_specific/mo_bgc_bcond.f90.d
  DEPGEN   src/hamocc/common/mo_settling.f90.d
  DEPGEN   src/hamocc/common/mo_sedshi.f90.d
  DEPGEN   src/hamocc/common/mo_sedmnt_diffusion.f90.d
  DEPGEN   src/hamocc/common/mo_sedmnt.f90.d
  DEPGEN   src/hamocc/common/mo_powach.f90.d
  DEPGEN   src/hamocc/common/mo_ocprod.f90.d
  DEPGEN   src/hamocc/common/mo_memory_bgc.f90.d
  DEPGEN   src/hamocc/common/mo_memory_agg.f90.d
  DEPGEN   src/hamocc/common/mo_param1_bgc.f90.d
  DEPGEN   src/hamocc/common/mo_ini_bgc.f90.d
  DEPGEN   src/hamocc/common/mo_hamocc_swr_absorption.f90.d
  DEPGEN   src/hamocc/common/mo_end_bgc.f90.d
  DEPGEN   src/hamocc/common/mo_cyano.f90.d
  DEPGEN   src/hamocc/common/mo_chemcon.f90.d
  DEPGEN   src/hamocc/common/mo_control_bgc.f90.d
  DEPGEN   src/hamocc/common/mo_carchm.f90.d
  DEPGEN   src/hamocc/common/mo_bgc_surface.f90.d
  DEPGEN   src/hamocc/common/mo_bgc_memory_types.f90.d
  DEPGEN   src/hamocc/common/mo_bgc_constants.f90.d
  DEPGEN   src/hamocc/common/mo_aggregates.f90.d
  DEPGEN   src/granules/microphysics_1mom_schemes/microphysics_1mom_schemes.f90.d
  DEPGEN   src/granules/microphysics_1mom_schemes/gscp_kessler.f90.d
  DEPGEN   src/granules/microphysics_1mom_schemes/gscp_ice.f90.d
  DEPGEN   src/granules/microphysics_1mom_schemes/gscp_data.f90.d
  DEPGEN   src/granules/microphysics_1mom_schemes/gscp_graupel.f90.d
  DEPGEN   src/granules/microphysics_1mom_schemes/gscp_cloudice.f90.d
  DEPGEN   src/drivers/mo_master_control.f90.d
  DEPGEN   src/drivers/mo_master_init.f90.d
  DEPGEN   src/drivers/mo_atmo_nonhydrostatic.f90.d
  DEPGEN   src/drivers/mo_atmo_model.f90.d
  DEPGEN   src/drivers/icon.f90.d
  DEPGEN   src/diagnostics/mo_tropopause.f90.d
  DEPGEN   src/diagnostics/mo_err_norm.f90.d
  DEPGEN   src/diagnostics/atmosphere/mo_diag_hailcast.f90.d
  DEPGEN   src/data_assimilation/lhn/mo_radar_data_types.f90.d
  DEPGEN   src/data_assimilation/lhn/mo_radar_data_state.f90.d
  DEPGEN   src/data_assimilation/lhn/mo_latent_heat_nudging.f90.d
  DEPGEN   src/data_assimilation/interfaces/mo_rtifc_nort.f90.d
  DEPGEN   src/data_assimilation/interfaces/mo_rtifc_base.f90.d
  DEPGEN   src/data_assimilation/interfaces/mo_rtifc_13.f90.d
  DEPGEN   src/data_assimilation/interfaces/mo_rtifc_12.f90.d
  DEPGEN   src/data_assimilation/interfaces/mo_icon2dace.f90.d
  DEPGEN   src/data_assimilation/interfaces/mo_rtifc.f90.d
  DEPGEN   src/data_assimilation/interfaces/mo_fdbk_emvorado.f90.d
  DEPGEN   src/data_assimilation/interfaces/mo_emvorado_warmbubbles_type.f90.d
  DEPGEN   src/data_assimilation/interfaces/mo_emvorado_warmbubbles.f90.d
  DEPGEN   src/data_assimilation/interfaces/mo_emvorado_interface.f90.d
  DEPGEN   src/data_assimilation/interfaces/mo_emvorado_init.f90.d
  DEPGEN   src/data_assimilation/interfaces/mo_emvorado_gpu_util.f90.d
  DEPGEN   src/data_assimilation/interfaces/mo_emvorado_config.f90.d
  DEPGEN   src/coupling/mo_output_coupling.f90.d
  DEPGEN   src/coupling/mo_ocean_coupling_frame.f90.d
  DEPGEN   src/coupling/mo_wave_atmo_coupling.f90.d
  DEPGEN   src/coupling/mo_wave_coupling_frame.f90.d
  DEPGEN   src/coupling/mo_ocean_atmo_coupling.f90.d
  DEPGEN   src/coupling/mo_nwp_ocean_coupling.f90.d
  DEPGEN   src/coupling/mo_nwp_hydrodisc_coupling.f90.d
  DEPGEN   src/coupling/mo_dummy_coupling_frame.f90.d
  DEPGEN   src/coupling/mo_coupling_utils.f90.d
  DEPGEN   src/coupling/mo_atmo_wave_coupling.f90.d
  DEPGEN   src/coupling/mo_atmo_ocean_coupling_common.f90.d
  DEPGEN   src/coupling/mo_atmo_ocean_coupling.f90.d
  DEPGEN   src/coupling/mo_atmo_o3_provider_coupling.f90.d
  DEPGEN   src/coupling/mo_atmo_coupling_frame.f90.d
  DEPGEN   src/coupling/mo_atmo_cleo_coupling.f90.d
  DEPGEN   src/coupling/mo_atmo_aero_provider_coupling.f90.d
  DEPGEN   src/coupling/mo_aes_ocean_coupling.f90.d
  DEPGEN   src/configure_model/mo_upatmo_phy_config.f90.d
  DEPGEN   src/configure_model/mo_upatmo_config.f90.d
  DEPGEN   src/configure_model/mo_turbdiff_config.f90.d
  DEPGEN   src/configure_model/mo_turb_vdiff_config.f90.d
  DEPGEN   src/configure_model/mo_time_config.f90.d
  DEPGEN   src/configure_model/mo_synsat_config.f90.d
  DEPGEN   src/configure_model/mo_synradar_config.f90.d
  DEPGEN   src/configure_model/mo_sleve_config.f90.d
  DEPGEN   src/configure_model/mo_run_config.f90.d
  DEPGEN   src/configure_model/mo_radiation_config.f90.d
  DEPGEN   src/configure_model/mo_parallel_config.f90.d
  DEPGEN   src/configure_model/mo_oem_config.f90.d
  DEPGEN   src/configure_model/mo_nwp_tuning_config.f90.d
  DEPGEN   src/configure_model/mo_nudging_config.f90.d
  DEPGEN   src/configure_model/mo_nonhydrostatic_config.f90.d
  DEPGEN   src/configure_model/mo_nml_crosscheck.f90.d
  DEPGEN   src/configure_model/mo_nh_pzlev_config.f90.d
  DEPGEN   src/configure_model/mo_name_list_output_config.f90.d
  DEPGEN   src/configure_model/mo_mtgrm_config.f90.d
  DEPGEN   src/configure_model/mo_master_config.f90.d
  DEPGEN   src/configure_model/mo_lnd_nwp_config.f90.d
  DEPGEN   src/configure_model/mo_limarea_config.f90.d
  DEPGEN   src/configure_model/mo_les_config.f90.d
  DEPGEN   src/configure_model/mo_io_config.f90.d
  DEPGEN   src/configure_model/mo_interpol_config.f90.d
  DEPGEN   src/configure_model/mo_initicon_config.f90.d
  DEPGEN   src/configure_model/mo_gridref_config.f90.d
  DEPGEN   src/configure_model/mo_grid_config.f90.d
  DEPGEN   src/configure_model/mo_gribout_config.f90.d
  DEPGEN   src/configure_model/mo_extpar_config.f90.d
  DEPGEN   src/configure_model/mo_ensemble_pert_config.f90.d
  DEPGEN   src/configure_model/mo_dynamics_config.f90.d
  DEPGEN   src/configure_model/mo_diffusion_config.f90.d
  DEPGEN   src/configure_model/mo_coupling_config.f90.d
  DEPGEN   src/configure_model/mo_comin_config.f90.d
  DEPGEN   src/configure_model/mo_check_ext_constants.f90.d
  DEPGEN   src/configure_model/mo_ccycle_config.f90.d
  DEPGEN   src/configure_model/mo_atm_phy_nwp_config.f90.d
  DEPGEN   src/configure_model/mo_assimilation_config.f90.d
  DEPGEN   src/configure_model/mo_art_config.f90.d
  DEPGEN   src/configure_model/mo_aes_wmo_config.f90.d
  DEPGEN   src/configure_model/mo_aes_vdf_config.f90.d
  DEPGEN   src/configure_model/mo_aes_rad_config.f90.d
  DEPGEN   src/configure_model/mo_aes_phy_config.f90.d
  DEPGEN   src/configure_model/mo_aes_cov_config.f90.d
  DEPGEN   src/configure_model/mo_aes_bubble_config.f90.d
  DEPGEN   src/configure_model/mo_aes_cop_config.f90.d
  DEPGEN   src/configure_model/mo_advection_config.f90.d
  DEPGEN   src/configure_model/mo_2mom_mcrph_config.f90.d
  DEPGEN   src/atm_phy_schemes/turb_vertdiff.f90.d
  DEPGEN   src/atm_phy_schemes/turb_utilities.f90.d
  DEPGEN   src/atm_phy_schemes/turb_transfer.f90.d
  DEPGEN   src/atm_phy_schemes/random_rewrite.f90.d
  DEPGEN   src/atm_phy_schemes/turb_diffusion.f90.d
  DEPGEN   src/atm_phy_schemes/mo_vdftofdc.f90.d
  DEPGEN   src/atm_phy_schemes/mo_turb_vdiff_sma.f90.d
  DEPGEN   src/atm_phy_schemes/mo_turb_vdiff_params.f90.d
  DEPGEN   src/atm_phy_schemes/mo_turb_vdiff_diag.f90.d
  DEPGEN   src/atm_phy_schemes/mo_stoch_sde.f90.d
  DEPGEN   src/atm_phy_schemes/mo_stoch_pattern_generator.f90.d
  DEPGEN   src/atm_phy_schemes/mo_turb_vdiff.f90.d
  DEPGEN   src/atm_phy_schemes/mo_stoch_explicit.f90.d
  DEPGEN   src/atm_phy_schemes/mo_stoch_deep.f90.d
  DEPGEN   src/atm_phy_schemes/mo_thdyn_functions.f90.d
  DEPGEN   src/atm_phy_schemes/mo_sso_ifs.f90.d
  DEPGEN   src/atm_phy_schemes/mo_sso_cosmo.f90.d
  DEPGEN   src/atm_phy_schemes/mo_srtm_taumol.f90.d
  DEPGEN   src/atm_phy_schemes/mo_srtm_kgs.f90.d
  DEPGEN   src/atm_phy_schemes/mo_srtm_kgb29.f90.d
  DEPGEN   src/atm_phy_schemes/mo_srtm_kgb28.f90.d
  DEPGEN   src/atm_phy_schemes/mo_srtm_kgb27.f90.d
  DEPGEN   src/atm_phy_schemes/mo_srtm_kgb26.f90.d
  DEPGEN   src/atm_phy_schemes/mo_srtm_kgb25.f90.d
  DEPGEN   src/atm_phy_schemes/mo_srtm_kgb24.f90.d
  DEPGEN   src/atm_phy_schemes/mo_srtm_kgb23.f90.d
  DEPGEN   src/atm_phy_schemes/mo_srtm_kgb22.f90.d
  DEPGEN   src/atm_phy_schemes/mo_srtm_kgb21.f90.d
  DEPGEN   src/atm_phy_schemes/mo_srtm_kgb20.f90.d
  DEPGEN   src/atm_phy_schemes/mo_srtm_kgb19.f90.d
  DEPGEN   src/atm_phy_schemes/mo_srtm_kgb18.f90.d
  DEPGEN   src/atm_phy_schemes/mo_srtm_kgb17.f90.d
  DEPGEN   src/atm_phy_schemes/mo_srtm_kgb16.f90.d
  DEPGEN   src/atm_phy_schemes/mo_srtm_config.f90.d
  DEPGEN   src/atm_phy_schemes/mo_srtm.f90.d
  DEPGEN   src/atm_phy_schemes/mo_sim_rad.f90.d
  DEPGEN   src/atm_phy_schemes/mo_sbm_util.f90.d
  DEPGEN   src/atm_phy_schemes/mo_sbm_storage.f90.d
  DEPGEN   src/atm_phy_schemes/mo_sbm_main.f90.d
  DEPGEN   src/atm_phy_schemes/mo_sbm_driver.f90.d
  DEPGEN   src/atm_phy_schemes/mo_satad.f90.d
  DEPGEN   src/atm_phy_schemes/mo_reff_types.f90.d
  DEPGEN   src/atm_phy_schemes/mo_radiation.f90.d
  DEPGEN   src/atm_phy_schemes/mo_o3_util.f90.d
  DEPGEN   src/atm_phy_schemes/mo_o3_macc_data.f90.d
  DEPGEN   src/atm_phy_schemes/mo_o3_gems_data.f90.d
  DEPGEN   src/atm_phy_schemes/mo_reff_main.f90.d
  DEPGEN   src/atm_phy_schemes/mo_newcld_optics.f90.d
  DEPGEN   src/atm_phy_schemes/mo_lrtm_taumol.f90.d
  DEPGEN   src/atm_phy_schemes/mo_lrtm_setup.f90.d
  DEPGEN   src/atm_phy_schemes/mo_rad_diag.f90.d
  DEPGEN   src/atm_phy_schemes/mo_lrtm_par.f90.d
  DEPGEN   src/atm_phy_schemes/mo_lrtm_netcdf.f90.d
  DEPGEN   src/atm_phy_schemes/mo_lrtm_kgs.f90.d
  DEPGEN   src/atm_phy_schemes/mo_lrtm_rtrnmr.f90.d
  DEPGEN   src/atm_phy_schemes/mo_lrtm_driver.f90.d
  DEPGEN   src/atm_phy_schemes/mo_lookup_tables_constants.f90.d
  DEPGEN   src/atm_phy_schemes/mo_lrtm_coeffs.f90.d
  DEPGEN   src/atm_phy_schemes/mo_gwd_wms.f90.d
  DEPGEN   src/atm_phy_schemes/mo_gme_turbdiff.f90.d
  DEPGEN   src/atm_phy_schemes/mo_cuparameters.f90.d
  DEPGEN   src/atm_phy_schemes/mo_cumaster.f90.d
  DEPGEN   src/atm_phy_schemes/mo_cuinit.f90.d
  DEPGEN   src/atm_phy_schemes/mo_cufunctions.f90.d
  DEPGEN   src/atm_phy_schemes/mo_cudescn.f90.d
  DEPGEN   src/atm_phy_schemes/mo_cuflxtends.f90.d
  DEPGEN   src/atm_phy_schemes/mo_cucalclpi.f90.d
  DEPGEN   src/atm_phy_schemes/mo_cucalclfd.f90.d
  DEPGEN   src/atm_phy_schemes/mo_cuascn.f90.d
  DEPGEN   src/atm_phy_schemes/mo_cpl_aerosol_microphys.f90.d
  DEPGEN   src/atm_phy_schemes/mo_cover_koe.f90.d
  DEPGEN   src/atm_phy_schemes/mo_cover_cosmo.f90.d
  DEPGEN   src/atm_phy_schemes/mo_convect_tables.f90.d
  DEPGEN   src/atm_phy_schemes/mo_albedo.f90.d
  DEPGEN   src/atm_phy_schemes/mo_aerosol_util.f90.d
  DEPGEN   src/atm_phy_schemes/mo_cloud_diag.f90.d
  DEPGEN   src/atm_phy_schemes/mo_aerosol_sources_types.f90.d
  DEPGEN   src/atm_phy_schemes/mo_aerosol_sources.f90.d
  DEPGEN   src/atm_phy_schemes/mo_adjust.f90.d
  DEPGEN   src/atm_phy_schemes/mo_2mom_prepare.f90.d
  DEPGEN   src/atm_phy_schemes/mo_2mom_mcrph_util.f90.d
  DEPGEN   src/atm_phy_schemes/mo_2mom_mcrph_types.f90.d
  DEPGEN   src/atm_phy_schemes/mo_2mom_mcrph_processes.f90.d
  DEPGEN   src/atm_phy_schemes/mo_2mom_mcrph_main.f90.d
  DEPGEN   src/atm_phy_schemes/mo_2mom_mcrph_dmin_wetgrowth.f90.d
  DEPGEN   src/atm_phy_schemes/mo_2mom_mcrph_setup.f90.d
  DEPGEN   src/atm_phy_schemes/mo_2mom_mcrph_config_default.f90.d
  DEPGEN   src/atm_phy_schemes/data_gwd.f90.d
  DEPGEN   src/atm_phy_schemes/cloud_random_numbers.f90.d
  DEPGEN   src/atm_phy_schemes/mo_2mom_mcrph_driver.f90.d
  DEPGEN   src/atm_phy_rte_rrtmgp/mo_simple_netcdf.f90.d
  DEPGEN   src/atm_phy_rte_rrtmgp/mo_rte_rrtmgp_radiation.f90.d
  DEPGEN   src/atm_phy_rte_rrtmgp/mo_rte_rrtmgp_setup.f90.d
  DEPGEN   src/atm_phy_rte_rrtmgp/mo_rte_rrtmgp_merge_debug.f90.d
  DEPGEN   src/atm_phy_rte_rrtmgp/mo_rte_rrtmgp_interface.f90.d
  DEPGEN   src/atm_phy_rte_rrtmgp/mo_radiation_solar_data.f90.d
  DEPGEN   src/atm_phy_rte_rrtmgp/mo_radiation_general.f90.d
  DEPGEN   src/atm_phy_rte_rrtmgp/mo_radiation_random.f90.d
  DEPGEN   src/atm_phy_rte_rrtmgp/mo_radiation_forcing.f90.d
  DEPGEN   src/atm_phy_rte_rrtmgp/mo_radiation_forcing_memory.f90.d
  DEPGEN   src/atm_phy_rte_rrtmgp/mo_radiation_cloud_optics.f90.d
  DEPGEN   src/atm_phy_rte_rrtmgp/mo_radiation_cld_sampling.f90.d
  DEPGEN   src/atm_phy_rte_rrtmgp/mo_load_coefficients.f90.d
  DEPGEN   src/atm_phy_rte_rrtmgp/mo_load_cloud_coefficients.f90.d
  DEPGEN   src/atm_phy_rte_rrtmgp/mo_icon_fluxes_sw.f90.d
  DEPGEN   src/atm_phy_rte_rrtmgp/mo_cloud_optics.f90.d
  DEPGEN   src/atm_phy_rte_rrtmgp/mo_cloud_gas_profiles.f90.d
  DEPGEN   src/atm_phy_rte_rrtmgp/mo_cloud_optics_parameters.f90.d
  DEPGEN   src/atm_phy_nwp/mo_util_phys.f90.d
  DEPGEN   src/atm_phy_nwp/mo_rttov_interface.f90.d
  DEPGEN   src/atm_phy_nwp/mo_phys_nest_utilities.f90.d
  DEPGEN   src/atm_phy_nwp/mo_opt_nwp_reflectivity.f90.d
  DEPGEN   src/atm_phy_nwp/mo_phy_events.f90.d
  DEPGEN   src/atm_phy_nwp/mo_opt_nwp_diagnostics.f90.d
  DEPGEN   src/atm_phy_nwp/mo_nwp_ww.f90.d
  DEPGEN   src/atm_phy_nwp/mo_nwp_vdiff_types.f90.d
  DEPGEN   src/atm_phy_nwp/mo_nwp_vdiff_radfluxes.f90.d
  DEPGEN   src/atm_phy_nwp/mo_nwp_vdiff_interface.f90.d
  DEPGEN   src/atm_phy_nwp/mo_nwp_vdiff_sea.f90.d
  DEPGEN   src/atm_phy_nwp/mo_nwp_turbtrans_interface.f90.d
  DEPGEN   src/atm_phy_nwp/mo_nwp_rrtm_interface.f90.d
  DEPGEN   src/atm_phy_nwp/mo_nwp_reff_interface.f90.d
  DEPGEN   src/atm_phy_nwp/mo_nwp_turbdiff_interface.f90.d
  DEPGEN   src/atm_phy_nwp/mo_nwp_rad_interface.f90.d
  DEPGEN   src/atm_phy_nwp/mo_nwp_phy_state.f90.d
  DEPGEN   src/atm_phy_nwp/mo_nwp_phy_types.f90.d
  DEPGEN   src/atm_phy_nwp/mo_nwp_phy_init.f90.d
  DEPGEN   src/atm_phy_nwp/mo_nwp_phy_cleanup.f90.d
  DEPGEN   src/atm_phy_nwp/mo_nwp_parameters.f90.d
  DEPGEN   src/atm_phy_nwp/mo_nwp_gw_interface.f90.d
  DEPGEN   src/atm_phy_nwp/mo_nwp_gscp_interface.f90.d
  DEPGEN   src/atm_phy_nwp/mo_nwp_gpu_util.f90.d
  DEPGEN   src/atm_phy_nwp/mo_nwp_ecrad_utilities.f90.d
  DEPGEN   src/atm_phy_nwp/mo_nwp_ecrad_prep_aerosol.f90.d
  DEPGEN   src/atm_phy_nwp/mo_nwp_ecrad_init.f90.d
  DEPGEN   src/atm_phy_nwp/mo_nwp_diagnosis.f90.d
  DEPGEN   src/atm_phy_nwp/mo_nwp_conv_interface.f90.d
  DEPGEN   src/atm_phy_nwp/mo_nwp_aerosol.f90.d
  DEPGEN   src/atm_phy_nwp/mo_nwp_ecrad_interface.f90.d
  DEPGEN   src/atm_phy_nwp/mo_nh_interface_nwp.f90.d
  DEPGEN   src/atm_phy_nwp/mo_nh_diagnose_pmsl.f90.d
  DEPGEN   src/atm_phy_nwp/mo_ecrad.f90.d
  DEPGEN   src/atm_phy_nwp/mo_apt_routines.f90.d
  DEPGEN   src/atm_phy_les/mo_turbulent_diagnostic.f90.d
  DEPGEN   src/atm_phy_les/mo_surface_les.f90.d
  DEPGEN   src/atm_phy_les/mo_sgs_turbulence.f90.d
  DEPGEN   src/atm_phy_les/mo_ls_forcing.f90.d
  DEPGEN   src/atm_phy_les/mo_les_turb_interface.f90.d
  DEPGEN   src/atm_phy_bcs/mo_bc_sst_sic.f90.d
  DEPGEN   src/atm_phy_les/mo_sgs_turbmetric.f90.d
  DEPGEN   src/atm_phy_bcs/mo_bc_ozone.f90.d
  DEPGEN   src/atm_phy_bcs/mo_bc_solar_irradiance.f90.d
  DEPGEN   src/atm_phy_bcs/mo_bc_greenhouse_gases.f90.d
  DEPGEN   src/atm_phy_bcs/mo_bc_anthro_emission.f90.d
  DEPGEN   src/atm_phy_bcs/mo_bc_aeropt_volc.f90.d
  DEPGEN   src/atm_phy_bcs/mo_bc_aeropt_splumes_memory.f90.d
  DEPGEN   src/atm_phy_bcs/mo_bc_aeropt_splumes_opt.f90.d
  DEPGEN   src/atm_phy_bcs/mo_bc_aeropt_splumes.f90.d
  DEPGEN   src/atm_phy_bcs/mo_bc_aeropt_kinne.f90.d
  DEPGEN   src/atm_phy_aes/tmx/mo_vdf_sfc.f90.d
  DEPGEN   src/atm_phy_aes/tmx/mo_vdf_diag_smag.f90.d
  DEPGEN   src/atm_phy_aes/tmx/mo_vdf_atmo.f90.d
  DEPGEN   src/atm_phy_aes/tmx/mo_vdf.f90.d
  DEPGEN   src/atm_phy_aes/tmx/mo_variable_list.f90.d
  DEPGEN   src/atm_phy_aes/tmx/mo_tmx_surface.f90.d
  DEPGEN   src/atm_phy_aes/tmx/mo_variable.f90.d
  DEPGEN   src/atm_phy_aes/tmx/mo_tmx_smagorinsky.f90.d
  DEPGEN   src/atm_phy_aes/tmx/mo_tmx_process_class.f90.d
  DEPGEN   src/atm_phy_aes/tmx/mo_tmx_time_integration_class.f90.d
  DEPGEN   src/atm_phy_aes/tmx/mo_tmx_numerics.f90.d
  DEPGEN   src/atm_phy_aes/tmx/mo_tmx_field_class.f90.d
  DEPGEN   src/atm_phy_aes/tmx/mo_surrogate_class.f90.d
  DEPGEN   src/atm_phy_aes/mo_surface_diag.f90.d
  DEPGEN   src/atm_phy_aes/tmx/mo_generic_linked_list.f90.d
  DEPGEN   src/atm_phy_aes/mo_surface.f90.d
  DEPGEN   src/atm_phy_aes/mo_ragnarok_support.f90.d
  DEPGEN   src/atm_phy_aes/mo_radheating.f90.d
  DEPGEN   src/atm_phy_aes/mo_ml_ocean.f90.d
  DEPGEN   src/atm_phy_aes/mo_lcariolle.f90.d
  DEPGEN   src/atm_phy_aes/mo_omp_block_loop.f90.d
  DEPGEN   src/atm_phy_aes/mo_interface_iconam_aes.f90.d
  DEPGEN   src/atm_phy_aes/mo_interface_cloud_two.f90.d
  DEPGEN   src/atm_phy_aes/mo_interface_cloud_mig.f90.d
  DEPGEN   src/atm_phy_aes/mo_interface_cleo.f90.d
  DEPGEN   src/atm_phy_aes/mo_interface_aes_wmo.f90.d
  DEPGEN   src/atm_phy_aes/mo_interface_aes_tmx.f90.d
  DEPGEN   src/atm_phy_aes/mo_interface_aes_vdf.f90.d
  DEPGEN   src/atm_phy_aes/mo_interface_aes_rht.f90.d
  DEPGEN   src/atm_phy_aes/mo_interface_aes_rad.f90.d
  DEPGEN   src/atm_phy_aes/mo_interface_aes_car.f90.d
  DEPGEN   src/atm_phy_aes/mo_interface_aes_art.f90.d
  DEPGEN   src/atm_phy_aes/mo_diagnose_uvi.f90.d
  DEPGEN   src/atm_phy_aes/mo_diagnose_tcw.f90.d
  DEPGEN   src/atm_phy_aes/mo_diagnose_qvi.f90.d
  DEPGEN   src/atm_phy_aes/mo_diagnose_qall.f90.d
  DEPGEN   src/atm_phy_aes/mo_diagnose_cov.f90.d
  DEPGEN   src/atm_phy_aes/mo_diagnose_clwvi.f90.d
  DEPGEN   src/atm_phy_aes/mo_copy.f90.d
  DEPGEN   src/atm_phy_aes/mo_cloud_two/mo_cloud_two_types.f90.d
  DEPGEN   src/atm_phy_aes/mo_cloud_two/mo_cloud_two_nml.f90.d
  DEPGEN   src/atm_phy_aes/mo_cloud_two/mo_cloud_two_memory.f90.d
  DEPGEN   src/atm_phy_aes/mo_cloud_two/mo_cloud_two.f90.d
  DEPGEN   src/atm_phy_aes/mo_cloud_two/mo_cloud_two_config.f90.d
  DEPGEN   src/atm_phy_aes/mo_cloud_mig/mo_snow_ice_reff.f90.d
  DEPGEN   src/atm_phy_aes/mo_cloud_mig/mo_cloud_mig_types.f90.d
  DEPGEN   src/atm_phy_aes/mo_cloud_mig/mo_cloud_mig_nml.f90.d
  DEPGEN   src/atm_phy_aes/mo_cloud_mig/mo_cloud_mig_memory.f90.d
  DEPGEN   src/atm_phy_aes/mo_cloud_mig/mo_cloud_mig.f90.d
  DEPGEN   src/atm_phy_aes/mo_cloud_mig/mo_aes_graupel.f90.d
  DEPGEN   src/atm_phy_aes/mo_canopy.f90.d
  DEPGEN   src/atm_phy_aes/mo_atm_energy_types.f90.d
  DEPGEN   src/atm_phy_aes/mo_atm_energy_memory.f90.d
  DEPGEN   src/atm_phy_aes/mo_cloud_mig/mo_cloud_mig_config.f90.d
  DEPGEN   src/atm_phy_aes/mo_atm_energy_diag.f90.d
  DEPGEN   src/atm_phy_aes/mo_ape.f90.d
  DEPGEN   src/atm_phy_aes/mo_aes_thermo.f90.d
  DEPGEN   src/atm_phy_aes/mo_aes_sfc_indices.f90.d
  DEPGEN   src/atm_phy_aes/mo_aes_phy_memory.f90.d
  DEPGEN   src/atm_phy_aes/mo_aes_phy_main.f90.d
  DEPGEN   src/atm_phy_aes/mo_aes_phy_init.f90.d
  DEPGEN   src/atm_phy_aes/mo_aes_phy_dims.f90.d
  DEPGEN   src/atm_phy_aes/mo_aes_phy_diag.f90.d
  DEPGEN   src/atm_phy_aes/mo_aes_phy_cleanup.f90.d
  DEPGEN   src/atm_phy_aes/mo_aes_phy_bcs.f90.d
  DEPGEN   src/atm_phy_aes/mo_aes_diagnostics.f90.d
  DEPGEN   src/atm_phy_aes/mo_aes_convect_tables.f90.d
  DEPGEN   src/atm_dyn_iconam/mo_vertical_grid.f90.d
  DEPGEN   src/atm_dyn_iconam/mo_velocity_advection.f90.d
  DEPGEN   src/atm_dyn_iconam/mo_solve_nonhydro.f90.d
  DEPGEN   src/atm_dyn_iconam/mo_update_dyn_scm.f90.d
  DEPGEN   src/atm_dyn_iconam/mo_pp_tasks.f90.d
  DEPGEN   src/atm_dyn_iconam/mo_pp_scheduler.f90.d
  DEPGEN   src/atm_dyn_iconam/mo_opt_diagnostics.f90.d
  DEPGEN   src/atm_dyn_iconam/mo_nonhydro_types.f90.d
  DEPGEN   src/atm_dyn_iconam/mo_nudging.f90.d
  DEPGEN   src/atm_dyn_iconam/mo_nh_vert_interp_les.f90.d
  DEPGEN   src/atm_dyn_iconam/mo_nh_vert_interp_ipz.f90.d
  DEPGEN   src/atm_dyn_iconam/mo_nonhydro_state.f90.d
  DEPGEN   src/atm_dyn_iconam/mo_nonhydro_gpu_types.f90.d
  DEPGEN   src/atm_dyn_iconam/mo_nh_vert_interp.f90.d
  DEPGEN   src/atm_dyn_iconam/mo_nh_vert_extrap_utils.f90.d
  DEPGEN   src/atm_dyn_iconam/mo_nh_supervise.f90.d
  DEPGEN   src/atm_dyn_iconam/mo_nh_prog_util.f90.d
  DEPGEN   src/atm_dyn_iconam/mo_nh_stepping.f90.d
<string>:1: SyntaxWarning: invalid decimal literal
<string>:1: SyntaxWarning: invalid decimal literal
<string>:1: SyntaxWarning: invalid decimal literal
<string>:1: SyntaxWarning: invalid decimal literal
  DEPGEN   src/atm_dyn_iconam/mo_nh_nest_utilities.f90.d
  DEPGEN   src/atm_dyn_iconam/mo_nh_moist_thdyn.f90.d
  DEPGEN   src/atm_dyn_iconam/mo_nh_init_utils.f90.d
  DEPGEN   src/atm_dyn_iconam/mo_nh_feedback.f90.d
  DEPGEN   src/atm_dyn_iconam/mo_nh_diffusion.f90.d
  DEPGEN   src/atm_dyn_iconam/mo_nh_diagnose_pres_temp.f90.d
  DEPGEN   src/atm_dyn_iconam/mo_nh_held_suarez_interface.f90.d
  DEPGEN   src/atm_dyn_iconam/mo_input_instructions.f90.d
  DEPGEN   src/atm_dyn_iconam/mo_nh_init_nest_utils.f90.d
  DEPGEN   src/atm_dyn_iconam/mo_initicon_utils.f90.d
  DEPGEN   src/atm_dyn_iconam/mo_initicon_types.f90.d
  DEPGEN   src/atm_dyn_iconam/mo_initicon_io.f90.d
  DEPGEN   src/atm_dyn_iconam/mo_initicon.f90.d
  DEPGEN   src/atm_dyn_iconam/mo_iau.f90.d
  DEPGEN   src/atm_dyn_iconam/mo_init_vgrid.f90.d
  DEPGEN   src/atm_dyn_iconam/mo_hydro_adjust.f90.d
  DEPGEN   src/atm_dyn_iconam/mo_ifs_coord.f90.d
  DEPGEN   src/advection/mo_prepadv_util.f90.d
  DEPGEN   src/advection/mo_prepadv_types.f90.d
  DEPGEN   src/advection/mo_prepadv_state.f90.d
  DEPGEN   src/advection/mo_integrate_density_pa.f90.d
  DEPGEN   src/advection/mo_advection_vlimit.f90.d
  DEPGEN   src/advection/mo_advection_vflux.f90.d
  DEPGEN   src/advection/mo_advection_utils.f90.d
  DEPGEN   src/advection/mo_advection_traj.f90.d
  DEPGEN   src/advection/mo_advection_stepping.f90.d
  DEPGEN   src/advection/mo_advection_quadrature.f90.d
  DEPGEN   src/advection/mo_advection_hlimit.f90.d
  DEPGEN   src/advection/mo_advection_hflux.f90.d
  DEPGEN   src/advection/mo_advection_geometry.f90.d
  DEPGEN   src/advection/mo_advection_aerosols.f90.d
  CONFIG   externals/rte-rrtmgp
  CONFIG   externals/cdi
  CMAKE    externals/mtime/build
  CMAKE    externals/fortran-support/build
  GEN      version.c
  CC       support/util_multifile_restart.o
  CC       support/util_uuid.o
/home/featurize/work/ASC_Final_Selection/sources/ASC26-icon/icon-model/support/util_multifile_restart.c: In function ‘createEmptyMultifileDir’:
/home/featurize/work/ASC_Final_Selection/sources/ASC26-icon/icon-model/support/util_multifile_restart.c:312:74: warning: format ‘%d’ expects argument of type ‘int’, but argument 3 has type ‘size_t’ {aka ‘long unsigned int’} [-Wformat=]
  312 |         fprintf(stderr, "error: path for restart multifile is too long (%d characters: \"%s\")\n", strlen(path), path);
      |                                                                         ~^                         ~~~~~~~~~~~~
      |                                                                          |                         |
      |                                                                          int                       size_t {aka long unsigned int}
      |                                                                         %ld
  CC       version.o
configure: error: cannot guess build type; you must specify one
make[1]: *** [icon.mk:745: externals/cdi/Makefile] Error 1
make[1]: *** Waiting for unfinished jobs....
make[1]: Leaving directory '/home/featurize/work/ASC_Final_Selection/build-icon-gcc'
make: *** [Makefile:24: all] Error 2
