Command exited with non-zero status 1
	Command being timed: "env CC=mpicc CXX=mpicxx FC=mpifort FCFLAGS=-I/usr/include LDFLAGS=-L/usr/lib/x86_64-linux-gnu LIBS=-lnetcdff -lnetcdf -lm /home/featurize/work/ASC_Final_Selection/sources/ASC26-icon/icon-model/configure --disable-ocean --disable-jsbach --disable-coupling --disable-art --disable-rttov --disable-emvorado --disable-dace"
	User time (seconds): 3.43
	System time (seconds): 1.87
	Percent of CPU this job got: 9%
	Elapsed (wall clock) time (h:mm:ss or m:ss): 0:58.81
	Average shared text size (kbytes): 0
	Average unshared data size (kbytes): 0
	Average stack size (kbytes): 0
	Average total size (kbytes): 0
	Maximum resident set size (kbytes): 36056
	Average resident set size (kbytes): 0
	Major (requiring I/O) page faults: 2118
	Minor (reclaiming a frame) page faults: 376265
	Voluntary context switches: 7685
	Involuntary context switches: 362
	Swaps: 0
	File system inputs: 296
	File system outputs: 23880
	Socket messages sent: 0
	Socket messages received: 0
	Signals delivered: 0
	Page size (bytes): 4096
	Exit status: 1
