	Command being timed: "env CC=mpicc CXX=mpicxx FC=mpifort FCFLAGS=-I/usr/include LDFLAGS=-L/usr/lib/x86_64-linux-gnu LIBS=-lnetcdff -lnetcdf -lopenblas -llapack -lm /home/featurize/work/ASC_Final_Selection/sources/ASC26-icon/icon-model/configure --disable-ocean --disable-jsbach --disable-coupling --disable-art --disable-rttov --disable-emvorado --disable-dace"
	User time (seconds): 5.31
	System time (seconds): 2.82
	Percent of CPU this job got: 79%
	Elapsed (wall clock) time (h:mm:ss or m:ss): 0:10.30
	Average shared text size (kbytes): 0
	Average unshared data size (kbytes): 0
	Average stack size (kbytes): 0
	Average total size (kbytes): 0
	Maximum resident set size (kbytes): 36192
	Average resident set size (kbytes): 0
	Major (requiring I/O) page faults: 2124
	Minor (reclaiming a frame) page faults: 633694
	Voluntary context switches: 14860
	Involuntary context switches: 507
	Swaps: 0
	File system inputs: 1104
	File system outputs: 25328
	Socket messages sent: 0
	Socket messages received: 0
	Signals delivered: 0
	Page size (bytes): 4096
	Exit status: 0
