Command exited with non-zero status 1
	Command being timed: "env CC=mpicc CXX=mpicxx FC=mpifort /home/featurize/work/ASC_Final_Selection/sources/ASC26-icon/icon-model/configure --disable-ocean --disable-jsbach --disable-coupling --disable-art --disable-rttov --disable-emvorado --disable-dace"
	User time (seconds): 2.94
	System time (seconds): 1.70
	Percent of CPU this job got: 50%
	Elapsed (wall clock) time (h:mm:ss or m:ss): 0:09.21
	Average shared text size (kbytes): 0
	Average unshared data size (kbytes): 0
	Average stack size (kbytes): 0
	Average total size (kbytes): 0
	Maximum resident set size (kbytes): 36268
	Average resident set size (kbytes): 0
	Major (requiring I/O) page faults: 2116
	Minor (reclaiming a frame) page faults: 354788
	Voluntary context switches: 7833
	Involuntary context switches: 598
	Swaps: 0
	File system inputs: 184
	File system outputs: 23704
	Socket messages sent: 0
	Socket messages received: 0
	Signals delivered: 0
	Page size (bytes): 4096
	Exit status: 1
