Command exited with non-zero status 8
	Command being timed: "bash /home/featurize/work/ASC_Final_Selection/scripts/icon/install.sh /home/featurize/work/ASC_Final_Selection/sources/ASC26-icon/icon-model /home/featurize/work/ASC_Final_Selection/build-icon-gcc"
	User time (seconds): 18.65
	System time (seconds): 4.28
	Percent of CPU this job got: 22%
	Elapsed (wall clock) time (h:mm:ss or m:ss): 1:41.52
	Average shared text size (kbytes): 0
	Average unshared data size (kbytes): 0
	Average stack size (kbytes): 0
	Average total size (kbytes): 0
	Maximum resident set size (kbytes): 201628
	Average resident set size (kbytes): 0
	Major (requiring I/O) page faults: 1298
	Minor (reclaiming a frame) page faults: 724953
	Voluntary context switches: 39793
	Involuntary context switches: 2011
	Swaps: 0
	File system inputs: 249160
	File system outputs: 590160
	Socket messages sent: 0
	Socket messages received: 0
	Signals delivered: 0
	Page size (bytes): 4096
	Exit status: 8
